---
source: src/tests/anonymizer.rs
expression: anonymize_str(input)
---
1CClientBankExchange
ВерсияФормата=1.03
СекцияРасчСчет
РасчСчет=40702000000000000001
КонецРасчСчет
СекцияДокумент=Платежное поручение
Номер=1
Дата=01.02.2024
Сумма=100.50
Плательщик=Иванов Иван Иванович
Плательщик1=Иванов Иван Иванович
ПлательщикИНН=7700000001
ПлательщикКПП=770000002
ПлательщикСчет=40702000000000000001
ПлательщикКорсчет=30101000000000000002
Получатель=Петров Петр Петрович
ПолучательИНН=500000000003
ПолучательСчет=40802000000000000003
НазначениеПлатежа=Оплата по договору
КонецДокумента
КонецФайла
